ï¿½ets Jul 29 2019 12:21:46

rst:0x1 (POWERON_RESET),boot:0x13 (SPI_FAST_FLASH_BOOT)
configsip: 0, SPIWP:0xee
clk_drv:0x00,q_drv:0x00,d_drv:0x00,cs0_drv:0x00,hd_drv:0x00,wp_drv:0x00
mode:DIO, clock div:2
load:0x3fff0030,len:6276
load:0x40078000,len:15716
load:0x40080400,len:4
ho 8 tail 4 room 4
load:0x40080404,len:3860
entry 0x4008063c
[0;32mI (31) boot: ESP-IDF v5.4 2nd stage bootloader[0m
[0;32mI (31) boot: compile time Apr 27 2025 04:17:03[0m
[0;32mI (31) boot: Multicore bootloader[0m
[0;32mI (32) boot: chip revision: v3.1[0m
[0;32mI (35) boot.esp32: SPI Speed      : 40MHz[0m
[0;32mI (39) boot.esp32: SPI Mode       : DIO[0m
[0;32mI (42) boot.esp32: SPI Flash Size : 2MB[0m
[0;32mI (46) boot: Enabling RNG early entropy source...[0m
[0;32mI (50) boot: Partition Table:[0m
[0;32mI (53) boot: ## Label            Usage          Type ST Offset   Length[0m
[0;32mI (59) boot:  0 nvs              WiFi data        01 02 00009000 00006000[0m
[0;32mI (66) boot:  1 phy_init         RF data          01 01 0000f000 00001000[0m
[0;32mI (72) boot:  2 factory          factory app      00 00 00010000 00100000[0m
[0;32mI (79) boot: End of partition table[0m
[0;32mI (82) esp_image: segment 0: paddr=00010020 vaddr=3f400020 size=211a0h (135584) map[0m
[0;32mI (136) esp_image: segment 1: paddr=000311c8 vaddr=3ff80000 size=0001ch (    28) load[0m
[0;32mI (136) esp_image: segment 2: paddr=000311ec vaddr=3ffb0000 size=03fd8h ( 16344) load[0m
[0;32mI (146) esp_image: segment 3: paddr=000351cc vaddr=40080000 size=0ae4ch ( 44620) load[0m
[0;32mI (165) esp_image: segment 4: paddr=00040020 vaddr=400d0020 size=ac6d0h (706256) map[0m
[0;32mI (406) esp_image: segment 5: paddr=000ec6f8 vaddr=4008ae4c size=0ca6ch ( 51820) load[0m
[0;32mI (438) boot: Loaded app from partition at offset 0x10000[0m
[0;32mI (438) boot: Disabling RNG early entropy source...[0m
[0;32mI (449) cpu_start: Multicore app[0m
[0;32mI (457) cpu_start: Pro cpu start user code[0m
[0;32mI (457) cpu_start: cpu freq: 160000000 Hz[0m
[0;32mI (457) app_init: Application information:[0m
[0;32mI (457) app_init: Project name:     microesp[0m
[0;32mI (461) app_init: App version:      74ec3d3-dirty[0m
[0;32mI (465) app_init: Compile time:     Apr 27 2025 04:29:59[0m
[0;32mI (470) app_init: ELF file SHA256:  b05a9f89b...[0m
[0;32mI (475) app_init: ESP-IDF:          v5.4[0m
[0;32mI (478) efuse_init: Min chip rev:     v0.0[0m
[0;32mI (482) efuse_init: Max chip rev:     v3.99 [0m
[0;32mI (486) efuse_init: Chip rev:         v3.1[0m
[0;32mI (490) heap_init: Initializing. RAM available for dynamic allocation:[0m
[0;32mI (497) heap_init: At 3FFAE6E0 len 00001920 (6 KiB): DRAM[0m
[0;32mI (501) heap_init: At 3FFB88C0 len 00027740 (157 KiB): DRAM[0m
[0;32mI (507) heap_init: At 3FFE0440 len 00003AE0 (14 KiB): D/IRAM[0m
I (512) heap_init: At 3FFE4350 len 0001BCB0 (111 KiB): D/IRAM
[0;32mI (518) heap_init: At 400978B8 len 00008748 (33 KiB): IRAM[0m
[0;32mI (524) spi_flash: detected chip: generic[0m
[0;32mI (527) spi_flash: flash io: dio[0m
[0;33mW (530) spi_flash: Detected size(4096k) larger than the size in the binary image header(2048k). Using the size in the binary image header.[0m
[0;32mI (543) main_task: Started on CPU0[0m
[0;32mI (553) main_task: Calling app_main()[0m
[1;31mE (583) adc_oneshot: adc_oneshot_new_unit(98): adc1 is already in use[0m
ESP_ERROR_CHECK failed: esp_err_t 0x105 (ESP_ERR_NOT_FOUND) at 0x400d964b
file: "./main/hardware_hal.c" line 20
func: hardware_hal_init
expression: adc_oneshot_new_unit(&init_config, &adc1_handle)

abort() was called at PC 0x40089737 on core 0


Backtrace: 0x40081b25:0x3ffbaa60 0x40089741:0x3ffbaa80 0x400914b1:0x3ffbaaa0 0x40089737:0x3ffbab10 0x400d964b:0x3ffbab40 0x400d95c9:0x3ffbab80 0x400d9136:0x3ffbaba0 0x4017a86f:0x3ffbabc0 0x4008a1e5:0x3ffbabf0




ELF file SHA256: b05a9f89b

Rebooting...
ets Jul 29 2019 12:21:46

rst:0xc (SW_CPU_RESET),boot:0x13 (SPI_FAST_FLASH_BOOT)
configsip: 0, SPIWP:0xee
clk_drv:0x00,q_drv:0x00,d_drv:0x00,cs0_drv:0x00,hd_drv:0x00,wp_drv:0x00
mode:DIO, clock div:2
load:0x3fff0030,len:6276
load:0x40078000,len:15716
load:0x40080400,len:4
ho 8 tail 4 room 4
load:0x40080404,len:3860
entry 0x4008063c
[0;32mI (31) boot: ESP-IDF v5.4 2nd stage bootloader[0m
[0;32mI (31) boot: compile time Apr 27 2025 04:17:03[0m
[0;32mI (31) boot: Multicore bootloader[0m
[0;32mI (32) boot: chip revision: v3.1[0m
[0;32mI (35) boot.esp32: SPI Speed      : 40MHz[0m
[0;32mI (39) boot.esp32: SPI Mode       : DIO[0m
[0;32mI (42) boot.esp32: SPI Flash Size : 2MB[0m
[0;32mI (46) boot: Enabling RNG early entropy source...[0m
[0;32mI (50) boot: Partition Table:[0m
[0;32mI (53) boot: ## Label            Usage          Type ST Offset   Length[0m
[0;32mI (59) boot:  0 nvs              WiFi data        01 02 00009000 00006000[0m
[0;32mI (66) boot:  1 phy_init         RF data          01 01 0000f000 00001000[0m
[0;32mI (72) boot:  2 factory          factory app      00 00 00010000 00100000[0m
[0;32mI (79) boot: End of partition table[0m
[0;32mI (82) esp_image: segment 0: paddr=00010020 vaddr=3f400020 size=211a0h (135584) map[0m
[0;32mI (136) esp_image: segment 1: paddr=000311c8 vaddr=3ff80000 size=0001ch (    28) load[0m
[0;32mI (136) esp_image: segment 2: paddr=000311ec vaddr=3ffb0000 size=03fd8h ( 16344) load[0m
[0;32mI (146) esp_image: segment 3: paddr=000351cc vaddr=40080000 size=0ae4ch ( 44620) load[0m
[0;32mI (165) esp_image: segment 4: paddr=00040020 vaddr=400d0020 size=ac6d0h (706256) map[0m
[0;32mI (406) esp_image: segment 5: paddr=000ec6f8 vaddr=4008ae4c size=0ca6ch ( 51820) load[0m
[0;32mI (438) boot: Loaded app from partition at offset 0x10000[0m
[0;32mI (438) boot: Disabling RNG early entropy source...[0m
[0;32mI (448) cpu_start: Multicore app[0m
[0;32mI (457) cpu_start: Pro cpu start user code[0m
[0;32mI (457) cpu_start: cpu freq: 160000000 Hz[0m
[0;32mI (457) app_init: Application information:[0m
[0;32mI (457) app_init: Project name:     microesp[0m
[0;32mI (461) app_init: App version:      74ec3d3-dirty[0m
[0;32mI (465) app_init: Compile time:     Apr 27 2025 04:29:59[0m
[0;32mI (470) app_init: ELF file SHA256:  b05a9f89b...[0m
[0;32mI (475) app_init: ESP-IDF:          v5.4[0m
[0;32mI (478) efuse_init: Min chip rev:     v0.0[0m
[0;32mI (482) efuse_init: Max chip rev:     v3.99 [0m
[0;32mI (486) efuse_init: Chip rev:         v3.1[0m
[0;32mI (490) heap_init: Initializing. RAM available for dynamic allocation:[0m
[0;32mI (496) heap_init: At 3FFAE6E0 len 00001920 (6 KiB): DRAM[0m
[0;32mI (501) heap_init: At 3FFB88C0 len 00027740 (157 KiB): DRAM[0m
[0;32mI (507) heap_init: At 3FFE0440 len 00003AE0 (14 KiB): D/IRAM[0m
[0;32mI (512) heap_init: At 3FFE4350 len 0001BCB0 (111 KiB): D/IRAM[0m
[0;32mI (518) heap_init: At 400978B8 len 00008748 (33 KiB): IRAM[0m
[0;32mI (524) spi_flash: detected chip: generic[0m
[0;32mI (526) spi_flash: flash io: dio[0m
[0;33mW (529) spi_flash: Detected size(4096k) larger than the size in the binary image header(2048k). Using the size in the binary image header.[0m
[0;32mI (543) main_task: Started on CPU0[0m
[0;32mI (553) main_task: Calling app_main()[0m
[1;31mE (583) adc_oneshot: adc_oneshot_new_unit(98): adc1 is already in use[0m
ESP_ERROR_CHECK failed: esp_err_t 0x105 (ESP_ERR_NOT_FOUND) at 0x400d964b
file: "./main/hardware_hal.c" line 20
func: hardware_hal_init
expression: adc_oneshot_new_unit(&init_config, &adc1_handle)

abort() was called at PC 0x40089737 on core 0


Backtrace: 0x40081b25:0x3ffbaa60 0x40089741:0x3ffbaa80 0x400914b1:0x3ffbaaa0 0x40089737:0x3ffbab10 0x400d964b:0x3ffbab40 0x400d95c9:0x3ffbab80 0x400d9136:0x3ffbaba0 0x4017a86f:0x3ffbabc0 0x4008a1e5:0x3ffbabf0




ELF file SHA256: b05a9f89b

Rebooting...
ets Jul 29 2019 12:21:46

rst:0xc (SW_CPU_RESET),boot:0x13 (SPI_FAST_FLASH_BOOT)
configsip: 0, SPIWP:0xee
clk_drv:0x00,q_drv:0x00,d_drv:0x00,cs0_drv:0x00,hd_drv:0x00,wp_drv:0x00
mode:DIO, clock div:2
load:0x3fff0030,len:6276
load:0x40078000,len:15716
load:0x40080400,len:4
ho 8 tail 4 room 4
load:0x40080404,len:3860
entry 0x4008063c
[0;32mI (31) boot: ESP-IDF v5.4 2nd stage bootloader[0m
[0;32mI (31) boot: compile time Apr 27 2025 04:17:03[0m
[0;32mI (31) boot: Multicore bootloader[0m
[0;32mI (32) boot: chip revision: v3.1[0m
[0;32mI (35) boot.esp32: SPI Speed      : 40MHz[0m
[0;32mI (39) boot.esp32: SPI Mode       : DIO[0m
[0;32mI (42) boot.esp32: SPI Flash Size : 2MB[0m
[0;32mI (46) boot: Enabling RNG early entropy source...[0m
[0;32mI (50) boot: Partition Table:[0m
[0;32mI (53) boot: ## Label            Usage          Type ST Offset   Length[0m
[0;32mI (59) boot:  0 nvs              WiFi data        01 02 00009000 00006000[0m
[0;32mI (66) boot:  1 phy_init         RF data          01 01 0000f000 00001000[0m
[0;32mI (72) boot:  2 factory          factory app      00 00 00010000 00100000[0m
[0;32mI (79) boot: End of partition table[0m
[0;32mI (82) esp_image: segment 0: paddr=00010020 vaddr=3f400020 size=211a0h (135584) map[0m
[0;32mI (136) esp_image: segment 1: paddr=000311c8 vaddr=3ff80000 size=0001ch (    28) load[0m
[0;32mI (136) esp_image: segment 2: paddr=000311ec vaddr=3ffb0000 size=03fd8h ( 16344) load[0m
[0;32mI (146) esp_image: segment 3: paddr=000351cc vaddr=40080000 size=0ae4ch ( 44620) load[0m
[0;32mI (165) esp_image: segment 4: paddr=00040020 vaddr=400d0020 size=ac6d0h (706256) map[0m
[0;32mI (406) esp_image: segment 5: paddr=000ec6f8 vaddr=4008ae4c size=0ca6ch ( 51820) load[0m
[0;32mI (438) boot: Loaded app from partition at offset 0x10000[0m
[0;32mI (438) boot: Disabling RNG early entropy source...[0m
[0;32mI (448) cpu_start: Multicore app[0m
[0;32mI (457) cpu_start: Pro cpu start user code[0m
[0;32mI (457) cpu_start: cpu freq: 160000000 Hz[0m
[0;32mI (457) app_init: Application information:[0m
[0;32mI (457) app_init: Project name:     microesp[0m
[0;32mI (461) app_init: App version:      74ec3d3-dirty[0m
[0;32mI (465) app_init: Compile time:     Apr 27 2025 04:29:59[0m
[0;32mI (470) app_init: ELF file SHA256:  b05a9f89b...[0m
[0;32mI (475) app_init: ESP-IDF:          v5.4[0m
[0;32mI (478) efuse_init: Min chip rev:     v0.0[0m
[0;32mI (482) efuse_init: Max chip rev:     v3.99 [0m
[0;32mI (486) efuse_init: Chip rev:         v3.1[0m
[0;32mI (490) heap_init: Initializing. RAM available for dynamic allocation:[0m
[0;32mI (496) heap_init: At 3FFAE6E0 len 00001920 (6 KiB): DRAM[0m
[0;32mI (501) heap_init: At 3FFB88C0 len 00027740 (157 KiB): DRAM[0m
[0;32mI (507) heap_init: At 3FFE0440 len 00003AE0 (14 KiB): D/IRAM[0m
[0;32mI (512) heap_init: At 3FFE4350 len 0001BCB0 (111 KiB): D/IRAM[0m
[0;32mI (518) heap_init: At 400978B8 len 00008748 (33 KiB): IRAM[0m
[0;32mI (524) spi_flash: detected chip: generic[0m
[0;32mI (526) spi_flash: flash io: dio[0m
[0;33mW (529) spi_flash: Detected size(4096k) larger than the size in the binary image header(2048k). Using the size in the binary image header.[0m
[0;32mI (543) main_task: Started on CPU0[0m
[0;32mI (553) main_task: Calling app_main()[0m
[1;31mE (583) adc_oneshot: adc_oneshot_new_unit(98): adc1 is already in use[0m
ESP_ERROR_CHECK failed: esp_err_t 0x105 (ESP_ERR_NOT_FOUND) at 0x400d964b
file: "./main/hardware_hal.c" line 20
func: hardware_hal_init
expression: adc_oneshot_new_unit(&init_config, &adc1_handle)

abort() was called at PC 0x40089737 on core 0


Backtrace: 0x40081b25:0x3ffbaa60 0x40089741:0x3ffbaa80 0x400914b1:0x3ffbaaa0 0x40089737:0x3ffbab10 0x400d964b:0x3ffbab40 0x400d95c9:0x3ffbab80 0x400d9136:0x3ffbaba0 0x4017a86f:0x3ffbabc0 0x4008a1e5:0x3ffbabf0




ELF file SHA256: b05a9f89b

Rebooting...
ets Jul 29 2019 12:21:46

rst:0xc (SW_CPU_RESET),boot:0x13 (SPI_FAST_FLASH_BOOT)
configsip: 0, SPIWP:0xee
clk_drv:0x00,q_drv:0x00,d_drv:0x00,cs0_drv:0x00,hd_drv:0x00,wp_drv:0x00
mode:DIO, clock div:2
load:0x3fff0030,len:6276
load:0x40078000,len:15716
load:0x40080400,len:4
ho 8 tail 4 room 4
load:0x40080404,len:3860
entry 0x4008063c
[0;32mI (31) boot: ESP-IDF v5.4 2nd stage bootloader[0m
[0;32mI (31) boot: compile time Apr 27 2025 04:17:03[0m
[0;32mI (31) boot: Multicore bootloader[0m
[0;32mI (32) boot: chip revision: v3.1[0m
[0;32mI (35) boot.esp32: SPI Speed      : 40MHz[0m
[0;32mI (39) boot.esp32: SPI Mode       : DIO[0m
[0;32mI (42) boot.esp32: SPI Flash Size : 2MB[0m
[0;32mI (46) boot: Enabling RNG early entropy source...[0m
[0;32mI (50) boot: Partition Table:[0m
[0;32mI (53) boot: ## Label            Usage          Type ST Offset   Length[0m
[0;32mI (59) boot:  0 nvs              WiFi data        01 02 00009000 00006000[0m
[0;32mI (66) boot:  1 phy_init         RF data          01 01 0000f000 00001000[0m
[0;32mI (72) boot:  2 factory          factory app      00 00 00010000 00100000[0m
[0;32mI (79) boot: End of partition table[0m
[0;32mI (82) esp_image: segment 0: paddr=00010020 vaddr=3f400020 size=211a0h (135584) map[0m
[0;32mI (136) esp_image: segment 1: paddr=000311c8 vaddr=3ff80000 size=0001ch (    28) load[0m
[0;32mI (136) esp_image: segment 2: paddr=000311ec vaddr=3ffb0000 size=03fd8h ( 16344) load[0m
[0;32mI (146) esp_image: segment 3: paddr=000351cc vaddr=40080000 size=0ae4ch ( 44620) load[0m
[0;32mI (165) esp_image: segment 4: paddr=00040020 vaddr=400d0020 size=ac6d0h (706256) map[0m
[0;32mI (406) esp_image: segment 5: paddr=000ec6f8 vaddr=4008ae4c size=0ca6ch ( 51820) load[0m
[0;32mI (438) boot: Loaded app from partition at offset 0x10000[0m
[0;32mI (438) boot: Disabling RNG early entropy source...[0m
[0;32mI (448) cpu_start: Multicore app[0m
[0;32mI (457) cpu_start: Pro cpu start user code[0m
[0;32mI (457) cpu_start: cpu freq: 160000000 Hz[0m
[0;32mI (457) app_init: Application information:[0m
[0;32mI (457) app_init: Project name:     microesp[0m
[0;32mI (461) app_init: App version:      74ec3d3-dirty[0m
[0;32mI (465) app_init: Compile time:     Apr 27 2025 04:29:59[0m
[0;32mI (470) app_init: ELF file SHA256:  b05a9f89b...[0m
[0;32mI (475) app_init: ESP-IDF:          v5.4[0m
[0;32mI (478) efuse_init: Min chip rev:     v0.0[0m
[0;32mI (482) efuse_init: Max chip rev:     v3.99 [0m
[0;32mI (486) efuse_init: Chip rev:         v3.1[0m
[0;32mI (490) heap_init: Initializing. RAM available for dynamic allocation:[0m
[0;32mI (496) heap_init: At 3FFAE6E0 len 00001920 (6 KiB): DRAM[0m
[0;32mI (501) heap_init: At 3FFB88C0 len 00027740 (157 KiB): DRAM[0m
[0;32mI (507) heap_init: At 3FFE0440 len 00003AE0 (14 KiB): D/IRAM[0m
[0;32mI (512) heap_init: At 3FFE4350 len 0001BCB0 (111 KiB): D/IRAM[0m
[0;32mI (518) heap_init: At 400978B8 len 00008748 (33 KiB): IRAM[0m
[0;32mI (524) spi_flash: detected chip: generic[0m
[0;32mI (526) spi_flash: flash io: dio[0m
[0;33mW (529) spi_flash: Detected size(4096k) larger than the size in the binary image header(2048k). Using the size in the binary image header.[0m
[0;32mI (543) main_task: Started on CPU0[0m
[0;32mI (553) main_task: Calling app_main()[0m
[1;31mE (583) adc_oneshot: adc_oneshot_new_unit(98): adc1 is already in use[0m
ESP_ERROR_CHECK failed: esp_err_t 0x105 (ESP_ERR_NOT_FOUND) at 0x400d964b
file: "./main/hardware_hal.c" line 20
func: hardware_hal_init
expression: adc_oneshot_new_unit(&init_config, &adc1_handle)

abort() was called at PC 0x40089737 on core 0


Backtrace: 0x40081b25:0x3ffbaa60 0x40089741:0x3ffbaa80 0x400914b1:0x3ffbaaa0 0x40089737:0x3ffbab10 0x400d964b:0x3ffbab40 0x400d95c9:0x3ffbab80 0x400d9136:0x3ffbaba0 0x4017a86f:0x3ffbabc0 0x4008a1e5:0x3ffbabf0




ELF file SHA256: b05a9f89b

Rebooting...
ets Jul 29 2019 12:21:46

rst:0xc (SW_CPU_RESET),boot:0x13 (SPI_FAST_FLASH_BOOT)
configsip: 0, SPIWP:0xee
clk_drv:0x00,q_drv:0x00,d_drv:0x00,cs0_drv:0x00,hd_drv:0x00,wp_drv:0x00
mode:DIO, clock div:2
load:0x3fff0030,len:6276
load:0x40078000,len:15716
load:0x40080400,len:4
ho 8 tail 4 room 4
load:0x40080404,len:3860
entry 0x4008063c
[0;32mI (31) boot: ESP-IDF v5.4 2nd stage bootloader[0m
[0;32mI (31) boot: compile time Apr 27 2025 04:17:03[0m
[0;32mI (31) boot: Multicore bootloader[0m
[0;32mI (32) boot: chip revision: v3.1[0m
[0;32mI (35) boot.esp32: SPI Speed      : 40MHz[0m
[0;32mI (39) boot.esp32: SPI Mode       : DIO[0m
[0;32mI (42) boot.esp32: SPI Flash Size : 2MB[0m
[0;32mI (46) boot: Enabling RNG early entropy source...[0m
[0;32mI (50) boot: Partition Table:[0m
[0;32mI (53) boot: ## Label            Usage          Type ST Offset   Length[0m
[0;32mI (59) boot:  0 nvs              WiFi data        01 02 00009000 00006000[0m
[0;32mI (66) boot:  1 phy_init         RF data          01 01 0000f000 00001000[0m
[0;32mI (72) boot:  2 factory          factory app      00 00 00010000 00100000[0m
[0;32mI (79) boot: End of partition table[0m
[0;32mI (82) esp_image: segment 0: paddr=00010020 vaddr=3f400020 size=211a0h (135584) map[0m
[0;32mI (136) esp_image: segment 1: paddr=000311c8 vaddr=3ff80000 size=0001ch (    28) load[0m
[0;32mI (136) esp_image: segment 2: paddr=000311ec vaddr=3ffb0000 size=03fd8h ( 16344) load[0m
[0;32mI (146) esp_image: segment 3: paddr=000351cc vaddr=40080000 size=0ae4ch ( 44620) load[0m
[0;32mI (165) esp_image: segment 4: paddr=00040020 vaddr=400d0020 size=ac6d0h (706256) map[0m
[0;32mI (406) esp_image: segment 5: paddr=000ec6f8 vaddr=4008ae4c size=0ca6ch ( 51820) load[0m
[0;32mI (438) boot: Loaded app from partition at offset 0x10000[0m
[0;32mI (438) boot: Disabling RNG early entropy source...[0m
[0;32mI (448) cpu_start: Multicore app[0m
[0;32mI (457) cpu_start: Pro cpu start user code[0m
[0;32mI (457) cpu_start: cpu freq: 160000000 Hz[0m
[0;32mI (457) app_init: Application information:[0m
[0;32mI (457) app_init: Project name:     microesp[0m
[0;32mI (461) app_init: App version:      74ec3d3-dirty[0m
[0;32mI (465) app_init: Compile time:     Apr 27 2025 04:29:59[0m
[0;32mI (470) app_init: ELF file SHA256:  b05a9f89b...[0m
[0;32mI (475) app_init: ESP-IDF:          v5.4[0m
[0;32mI (478) efuse_init: Min chip rev:     v0.0[0m
[0;32mI (482) efuse_init: Max chip rev:     v3.99 [0m
[0;32mI (486) efuse_init: Chip rev:         v3.1[0m
[0;32mI (490) heap_init: Initializing. RAM available for dynamic allocation:[0m
[0;32mI (496) heap_init: At 3FFAE6E0 len 00001920 (6 KiB): DRAM[0m
[0;32mI (501) heap_init: At 3FFB88C0 len 00027740 (157 KiB): DRAM[0m
[0;32mI (507) heap_init: At 3FFE0440 len 00003AE0 (14 KiB): D/IRAM[0m
[0;32mI (512) heap_init: At 3FFE4350 len 0001BCB0 (111 KiB): D/IRAM[0m
[0;32mI (518) heap_init: At 400978B8 len 00008748 (33 KiB): IRAM[0m
[0;32mI (524) spi_flash: detected chip: generic[0m
[0;32mI (526) spi_flash: flash io: dio[0m
[0;33mW (529) spi_flash: Detected size(4096k) larger than the size in the binary image header(2048k). Using the size in the binary image header.[0m
[0;32mI (543) main_task: Started on CPU0[0m
[0;32mI (553) main_task: Calling app_main()[0m
[1;31mE (583) adc_oneshot: adc_oneshot_new_unit(98): adc1 is already in use[0m
ESP_ERROR_CHECK failed: esp_err_t 0x105 (ESP_ERR_NOT_FOUND) at 0x400d964b
file: "./main/hardware_hal.c" line 20
func: hardware_hal_init
expression: adc_oneshot_new_unit(&init_config, &adc1_handle)

abort() was called at PC 0x40089737 on core 0


Backtrace: 0x40081b25:0x3ffbaa60 0x40089741:0x3ffbaa80 0x400914b1:0x3ffbaaa0 0x40089737:0x3ffbab10 0x400d964b:0x3ffbab40 0x400d95c9:0x3ffbab80 0x400d9136:0x3ffbaba0 0x4017a86f:0x3ffbabc0 0x4008a1e5:0x3ffbabf0




ELF file SHA256: b05a9f89b

Rebooting...
ets Jul 29 2019 12:21:46

rst:0xc (SW_CPU_RESET),boot:0x13 (SPI_FAST_FLASH_BOOT)
configsip: 0, SPIWP:0xee
clk_drv:0x00,q_drv:0x00,d_drv:0x00,cs0_drv:0x00,hd_drv:0x00,wp_drv:0x00
mode:DIO, clock div:2
load:0x3fff0030,len:6276
load:0x40078000,len:15716
load:0x40080400,len:4
ho 8 tail 4 room 4
load:0x40080404,len:3860
entry 0x4008063c
[0;32mI (31) boot: ESP-IDF v5.4 2nd stage bootloader[0m
[0;32mI (31) boot: compile time Apr 27 2025 04:17:03[0m
[0;32mI (31) boot: Multicore bootloader[0m
[0;32mI (32) boot: chip revision: v3.1[0m
[0;32mI (35) boot.esp32: SPI Speed      : 40MHz[0m
[0;32mI (39) boot.esp32: SPI Mode       : DIO[0m
[0;32mI (42) boot.esp32: SPI Flash Size : 2MB[0m
[0;32mI (46) boot: Enabling RNG early entropy source...[0m
[0;32mI (50) boot: Partition Table:[0m
[0;32mI (53) boot: ## Label            Usage          Type ST Offset   Length[0m
[0;32mI (59) boot:  0 nvs              WiFi data        01 02 00009000 00006000[0m
[0;32mI (66) boot:  1 phy_init         RF data          01 01 0000f000 00001000[0m
[0;32mI (72) boot:  2 factory          factory app      00 00 00010000 00100000[0m
[0;32mI (79) boot: End of partition table[0m
[0;32mI (82) esp_image: segment 0: paddr=00010020 vaddr=3f400020 size=211a0h (135584) map[0m
[0;32mI (136) esp_image: segment 1: paddr=000311c8 vaddr=3ff80000 size=0001ch (    28) load[0m
[0;32mI (136) esp_image: segment 2: paddr=000311ec vaddr=3ffb0000 size=03fd8h ( 16344) load[0m
[0;32mI (146) esp_image: segment 3: paddr=000351cc vaddr=40080000 size=0ae4ch ( 44620) load[0m
[0;32mI (165) esp_image: segment 4: paddr=00040020 vaddr=400d0020 size=ac6d0h (706256) map[0m
[0;32mI (406) esp_image: segment 5: paddr=000ec6f8 vaddr=4008ae4c size=0ca6ch ( 51820) load[0m
[0;32mI (438) boot: Loaded app from partition at offset 0x10000[0m
[0;32mI (438) boot: Disabling RNG early entropy source...[0m
[0;32mI (448) cpu_start: Multicore app[0m
[0;32mI (457) cpu_start: Pro cpu start user code[0m
[0;32mI (457) cpu_start: cpu freq: 160000000 Hz[0m
[0;32mI (457) app_init: Application information:[0m
[0;32mI (457) app_init: Project name:     microesp[0m
[0;32mI (461) app_init: App version:      74ec3d3-dirty[0m
[0;32mI (465) app_init: Compile time:     Apr 27 2025 04:29:59[0m
[0;32mI (470) app_init: ELF file SHA256:  b05a9f89b...[0m
[0;32mI (475) app_init: ESP-IDF:          v5.4[0m
[0;32mI (478) efuse_init: Min chip rev:     v0.0[0m
[0;32mI (482) efuse_init: Max chip rev:     v3.99 [0m
[0;32mI (486) efuse_init: Chip rev:         v3.1[0m
[0;32mI (490) heap_init: Initializing. RAM available for dynamic allocation:[0m
[0;32mI (496) heap_init: At 3FFAE6E0 len 00001920 (6 KiB): DRAM[0m
[0;32mI (501) heap_init: At 3FFB88C0 len 00027740 (157 KiB): DRAM[0m
[0;32mI (507) heap_init: At 3FFE0440 len 00003AE0 (14 KiB): D/IRAM[0m
[0;32mI (512) heap_init: At 3FFE4350 len 0001BCB0 (111 KiB): D/IRAM[0m
[0;32mI (518) heap_init: At 400978B8 len 00008748 (33 KiB): IRAM[0m
[0;32mI (524) spi_flash: detected chip: generic[0m
[0;32mI (526) spi_flash: flash io: dio[0m
[0;33mW (529) spi_flash: Detected size(4096k) larger than the size in the binary image header(2048k). Using the size in the binary image header.[0m
[0;32mI (543) main_task: Started on CPU0[0m
[0;32mI (553) main_task: Calling app_main()[0m
[1;31mE (583) adc_oneshot: adc_oneshot_new_unit(98): adc1 is already in use[0m
ESP_ERROR_CHECK failed: esp_err_t 0x105 (ESP_ERR_NOT_FOUND) at 0x400d964b
file: "./main/hardware_hal.c" line 20
func: hardware_hal_init
expression: adc_oneshot_new_unit(&init_config, &adc1_handle)

abort() was called at PC 0x40089737 on core 0


Backtrace: 0x40081b25:0x3ffbaa60 0x40089741:0x3ffbaa80 0x400914b1:0x3ffbaaa0 0x40089737:0x3ffbab10 0x400d964b:0x3ffbab40 0x400d95c9:0x3ffbab80 0x400d9136:0x3ffbaba0 0x4017a86f:0x3ffbabc0 0x4008a1e5:0x3ffbabf0
ELF file SHA256: b05a9f89b

Rebooting...
ets Jul 29 2019 12:21:46

rst:0xc (SW_CPU_RESET),boot:0x13 (SPI_FAST_FLASH_BOOT)
configsip: 0, SPIWP:0xee
clk_drv:0x00,q_drv:0x00,d_drv:0x00,cs0_drv:0x00,hd_drv:0x00,wp_drv:0x00
mode:DIO, clock div:2
load:0x3fff0030,len:6276
load:0x40078000,len:15716
load:0x40080400,len:4
ho 8 tail 4 room 4
load:0x40080404,len:3860
entry 0x4008063c
[0;32mI (31) boot: ESP-IDF v5.4 2nd stage bootloader[0m
[0;32mI (31) boot: compile time Apr 27 2025 04:17:03[0m
[0;32mI (31) boot: Multicore bootloader[0m
[0;32mI (32) boot: chip revision: v3.1[0m
[0;32mI (35) boot.esp32: SPI Speed      : 40MHz[0m
[0;32mI (39) boot.esp32: SPI Mode       : DIO[0m
[0;32mI (42) boot.esp32: SPI Flash Size : 2MB[0m
[0;32mI (46) boot: Enabling RNG early entropy source...[0m
[0;32mI (50) boot: Partition Table:[0m
[0;32mI (53) boot: ## Label            Usage          Type ST Offset   Length[0m
[0;32mI (59) boot:  0 nvs              WiFi data        01 02 00009000 00006000[0m
[0;32mI (66) boot:  1 phy_init         RF data          01 01 0000f000 00001000[0m
[0;32mI (72) boot:  2 factory          factory app      00 00 00010000 00100000[0m
[0;32mI (79) boot: End of partition table[0m
[0;32mI (82) esp_image: segment 0: paddr=00010020 vaddr=3f400020 size=211a0h (135584) map[0m
[0;32mI (136) esp_image: segment 1: paddr=000311c8 vaddr=3ff80000 size=0001ch (    28) load[0m
[0;32mI (136) esp_image: segment 2: paddr=000311ec vaddr=3ffb0000 size=03fd8h ( 16344) load[0m
[0;32mI (146) esp_image: segment 3: paddr=000351cc vaddr=40080000 size=0ae4ch ( 44620) load[0m
[0;32mI (165) esp_image: segment 4: paddr=00040020 vaddr=400d0020 size=ac6d0h (706256) map[0m
[0;32mI (406) esp_image: segment 5: paddr=000ec6f8 vaddr=4008ae4c size=0ca6ch ( 51820) load[0m
[0;32mI (438) boot: Loaded app from partition at offset 0x10000[0m
[0;32mI (438) boot: Disabling RNG early entropy source...[0m
[0;32mI (448) cpu_start: Multicore app[0m
I (457) cpu_start: Pro cpu start user code
[0;32mI (457) cpu_start: cpu freq: 160000000 Hz[0m
[0;32mI (457) app_init: Application information:[0m
[0;32mI (457) app_init: Project name:     microesp[0m
[0;32mI (461) app_init: App version:      74ec3d3-dirty[0m
[0;32mI (465) app_init: Compile time:     Apr 27 2025 04:29:59[0m
[0;32mI (470) app_init: ELF file SHA256:  b05a9f89b...[0m
[0;32mI (475) app_init: ESP-IDF:          v5.4[0m
[0;32mI (478) efuse_init: Min chip rev:     v0.0[0m
[0;32mI (482) efuse_init: Max chip rev:     v3.99 [0m
[0;32mI (486) efuse_init: Chip rev:         v3.1[0m
[0;32mI (490) heap_init: Initializing. RAM available for dynamic allocation:[0m
[0;32mI (496) heap_init: At 3FFAE6E0 len 00001920 (6 KiB): DRAM[0m
[0;32mI (501) heap_init: At 3FFB88C0 len 00027740 (157 KiB): DRAM[0m
[0;32mI (507) heap_init: At 3FFE0440 len 00003AE0 (14 KiB): D/IRAM[0m
[0;32mI (512) heap_init: At 3FFE4350 len 0001BCB0 (111 KiB): D/IRAM[0m
[0;32mI (518) heap_init: At 400978B8 len 00008748 (33 KiB): IRAM[0m
[0;32mI (524) spi_flash: detected chip: generic[0m
[0;32mI (526) spi_flash: flash io: dio[0m
[0;33mW (529) spi_flash: Detected size(4096k) larger than the size in the binary image header(2048k). Using the size in the binary image header.[0m
[0;32mI (543) main_task: Started on CPU0[0m
[0;32mI (553) main_task: Calling app_main()[0m
[1;31mE (583) adc_oneshot: adc_oneshot_new_unit(98): adc1 is already in use[0m
ESP_ERROR_CHECK failed: esp_err_t 0x105 (ESP_ERR_NOT_FOUND) at 0x400d964b
file: "./main/hardware_hal.c" line 20
func: hardware_hal_init
expression: adc_oneshot_new_unit(&init_config, &adc1_handle)

abort() was called at PC 0x40089737 on core 0


Backtrace: 0x40081b25:0x3ffbaa60 0x40089741:0x3ffbaa80 0x400914b1:0x3ffbaaa0 0x40089737:0x3ffbab10 0x400d964b:0x3ffbab40 0x400d95c9:0x3ffbab80 0x400d9136:0x3ffbaba0 0x4017a86f:0x3ffbabc0 0x4008a1e5:0x3ffbabf0




ELF file SHA256: b05a9f89b

Rebooting...
ets Jul 29 2019 12:21:46

rst:0xc (SW_CPU_RESET),boot:0x13 (SPI_FAST_FLASH_BOOT)
configsip: 0, SPIWP:0xee
clk_drv:0x00,q_drv:0x00,d_drv:0x00,cs0_drv:0x00,hd_drv:0x00,wp_drv:0x00
mode:DIO, clock div:2
load:0x3fff0030,len:6276
load:0x40078000,len:15716
load:0x40080400,len:4
ho 8 tail 4 room 4
load:0x40080404,len:3860
entry 0x4008063c
[0;32mI (31) boot: ESP-IDF v5.4 2nd stage bootloader[0m
[0;32mI (31) boot: compile time Apr 27 2025 04:17:03[0m
[0;32mI (31) boot: Multicore bootloader[0m
[0;32mI (32) boot: chip revision: v3.1[0m
[0;32mI (35) boot.esp32: SPI Speed      : 40MHz[0m
[0;32mI (39) boot.esp32: SPI Mode       : DIO[0m
[0;32mI (42) boot.esp32: SPI Flash Size : 2MB[0m
[0;32mI (46) boot: Enabling RNG early entropy source...[0m
[0;32mI (50) boot: Partition Table:[0m
[0;32mI (53) boot: ## Label            Usage          Type ST Offset   Length[0m
[0;32mI (59) boot:  0 nvs              WiFi data        01 02 00009000 00006000[0m
[0;32mI (66) boot:  1 phy_init         RF data          01 01 0000f000 00001000[0m
[0;32mI (72) boot:  2 factory          factory app      00 00 00010000 00100000[0m
[0;32mI (79) boot: End of partition table[0m
[0;32mI (82) esp_image: segment 0: paddr=00010020 vaddr=3f400020 size=211a0h (135584) map[0m
[0;32mI (136) esp_image: segment 1: paddr=000311c8 vaddr=3ff80000 size=0001ch (    28) load[0m
[0;32mI (136) esp_image: segment 2: paddr=000311ec vaddr=3ffb0000 size=03fd8h ( 16344) load[0m
[0;32mI (146) esp_image: segment 3: paddr=000351cc vaddr=40080000 size=0ae4ch ( 44620) load[0m
[0;32mI (165) esp_image: segment 4: paddr=00040020 vaddr=400d0020 size=ac6d0h (706256) map[0m
[0;32mI (406) esp_image: segment 5: paddr=000ec6f8 vaddr=4008ae4c size=0ca6ch ( 51820) load[0m
[0;32mI (438) boot: Loaded app from partition at offset 0x10000[0m
[0;32mI (438) boot: Disabling RNG early entropy source...[0m
[0;32mI (448) cpu_start: Multicore app[0m
[0;32mI (457) cpu_start: Pro cpu start user code[0m
[0;32mI (457) cpu_start: cpu freq: 160000000 Hz[0m
[0;32mI (457) app_init: Application information:[0m
[0;32mI (457) app_init: Project name:     microesp[0m
[0;32mI (461) app_init: App version:      74ec3d3-dirty[0m
[0;32mI (465) app_init: Compile time:     Apr 27 2025 04:29:59[0m
[0;32mI (470) app_init: ELF file SHA256:  b05a9f89b...[0m
[0;32mI (475) app_init: ESP-IDF:          v5.4[0m
[0;32mI (478) efuse_init: Min chip rev:     v0.0[0m
[0;32mI (482) efuse_init: Max chip rev:     v3.99 [0m
[0;32mI (486) efuse_init: Chip rev:         v3.1[0m
[0;32mI (490) heap_init: Initializing. RAM available for dynamic allocation:[0m
[0;32mI (496) heap_init: At 3FFAE6E0 len 00001920 (6 KiB): DRAM[0m
[0;32mI (501) heap_init: At 3FFB88C0 len 00027740 (157 KiB): DRAM[0m
[0;32mI (507) heap_init: At 3FFE0440 len 00003AE0 (14 KiB): D/IRAM[0m
[0;32mI (512) heap_init: At 3FFE4350 len 0001BCB0 (111 KiB): D/IRAM[0m
[0;32mI (518) heap_init: At 400978B8 len 00008748 (33 KiB): IRAM[0m
[0;32mI (524) spi_flash: detected chip: generic[0m
[0;32mI (526) spi_flash: flash io: dio[0m
[0;33mW (529) spi_flash: Detected size(4096k) larger than the size in the binary image header(2048k). Using the size in the binary image header.[0m
[0;32mI (543) main_task: Started on CPU0[0m
[0;32mI (553) main_task: Calling app_main()[0m
[1;31mE (583) adc_oneshot: adc_oneshot_new_unit(98): adc1 is already in use[0m
ESP_ERROR_CHECK failed: esp_err_t 0x105 (ESP_ERR_NOT_FOUND) at 0x400d964b
file: "./main/hardware_hal.c" line 20
func: hardware_hal_init
expression: adc_oneshot_new_unit(&init_config, &adc1_handle)

abort() was called at PC 0x40089737 on core 0


Backtrace: 0x40081b25:0x3ffbaa60 0x40089741:0x3ffbaa80 0x400914b1:0x3ffbaaa0 0x40089737:0x3ffbab10 0x400d964b:0x3ffbab40 0x400d95c9:0x3ffbab80 0x400d9136:0x3ffbaba0 0x4017a86f:0x3ffbabc0 0x4008a1e5:0x3ffbabf0




ELF file SHA256: b05a9f89b

Rebooting...
ets Jul 29 2019 12:21:46

rst:0xc (SW_CPU_RESET),boot:0x13 (SPI_FAST_FLASH_BOOT)
configsip: 0, SPIWP:0xee
clk_drv:0x00,q_drv:0x00,d_drv:0x00,cs0_drv:0x00,hd_drv:0x00,wp_drv:0x00
mode:DIO, clock div:2
load:0x3fff0030,len:6276
load:0x40078000,len:15716
load:0x40080400,len:4
ho 8 tail 4 room 4
load:0x40080404,len:3860
entry 0x4008063c
[0;32mI (31) boot: ESP-IDF v5.4 2nd stage bootloader[0m
[0;32mI (31) boot: compile time Apr 27 2025 04:17:03[0m
[0;32mI (31) boot: Multicore bootloader[0m
[0;32mI (32) boot: chip revision: v3.1[0m
[0;32mI (35) boot.esp32: SPI Speed      : 40MHz[0m
[0;32mI (39) boot.esp32: SPI Mode       : DIO[0m
[0;32mI (42) boot.esp32: SPI Flash Size : 2MB[0m
[0;32mI (46) boot: Enabling RNG early entropy source...[0m
[0;32mI (50) boot: Partition Table:[0m
[0;32mI (53) boot: ## Label            Usage          Type ST Offset   Length[0m
[0;32mI (59) boot:  0 nvs              WiFi data        01 02 00009000 00006000[0m
[0;32mI (66) boot:  1 phy_init         RF data          01 01 0000f000 00001000[0m
[0;32mI (72) boot:  2 factory          factory app      00 00 00010000 00100000[0m
[0;32mI (79) boot: End of partition table[0m
[0;32mI (82) esp_image: segment 0: paddr=00010020 vaddr=3f400020 size=211a0h (135584) map[0m
[0;32mI (136) esp_image: segment 1: paddr=000311c8 vaddr=3ff80000 size=0001ch (    28) load[0m
[0;32mI (136) esp_image: segment 2: paddr=000311ec vaddr=3ffb0000 size=03fd8h ( 16344) load[0m
[0;32mI (146) esp_image: segment 3: paddr=000351cc vaddr=40080000 size=0ae4ch ( 44620) load[0m
[0;32mI (165) esp_image: segment 4: paddr=00040020 vaddr=400d0020 size=ac6d0h (706256) map[0m
[0;32mI (406) esp_image: segment 5: paddr=000ec6f8 vaddr=4008ae4c size=0ca6ch ( 51820) load[0m
[0;32mI (438) boot: Loaded app from partition at offset 0x10000[0m
[0;32mI (438) boot: Disabling RNG early entropy source...[0m
[0;32mI (448) cpu_start: Multicore app[0m
[0;32mI (457) cpu_start: Pro cpu start user code[0m
[0;32mI (457) cpu_start: cpu freq: 160000000 Hz[0m
[0;32mI (457) app_init: Application information:[0m
[0;32mI (457) app_init: Project name:     microesp[0m
[0;32mI (461) app_init: App version:      74ec3d3-dirty[0m
[0;32mI (465) app_init: Compile time:     Apr 27 2025 04:29:59[0m
[0;32mI (470) app_init: ELF file SHA256:  b05a9f89b...[0m
[0;32mI (475) app_init: ESP-IDF:          v5.4[0m
[0;32mI (478) efuse_init: Min chip rev:     v0.0[0m
[0;32mI (482) efuse_init: Max chip rev:     v3.99 [0m
[0;32mI (486) efuse_init: Chip rev:         v3.1[0m
[0;32mI (490) heap_init: Initializing. RAM available for dynamic allocation:[0m
[0;32mI (496) heap_init: At 3FFAE6E0 len 00001920 (6 KiB): DRAM[0m
[0;32mI (501) heap_init: At 3FFB88C0 len 00027740 (157 KiB): DRAM[0m
[0;32mI (507) heap_init: At 3FFE0440 len 00003AE0 (14 KiB): D/IRAM[0m
[0;32mI (512) heap_init: At 3FFE4350 len 0001BCB0 (111 KiB): D/IRAM[0m
[0;32mI (518) heap_init: At 400978B8 len 00008748 (33 KiB): IRAM[0m
[0;32mI (524) spi_flash: detected chip: generic[0m
[0;32mI (526) spi_flash: flash io: dio[0m
[0;33mW (529) spi_flash: Detected size(4096k) larger than the size in the binary image header(2048k). Using the size in the binary image header.[0m
[0;32mI (543) main_task: Started on CPU0[0m
[0;32mI (553) main_task: Calling app_main()[0m
[1;31mE (583) adc_oneshot: adc_oneshot_new_unit(98): adc1 is already in use[0m
ESP_ERROR_CHECK failed: esp_err_t 0x105 (ESP_ERR_NOT_FOUND) at 0x400d964b
file: "./main/hardware_hal.c" line 20
func: hardware_hal_init
expression: adc_oneshot_new_unit(&init_config, &adc1_handle)

abort() was called at PC 0x40089737 on core 0


Backtrace: 0x40081b25:0x3ffbaa60 0x40089741:0x3ffbaa80 0x400914b1:0x3ffbaaa0 0x40089737:0x3ffbab10 0x400d964b:0x3ffbab40 0x400d95c9:0x3ffbab80 0x400d9136:0x3ffbaba0 0x4017a86f:0x3ffbabc0 0x4008a1e5:0x3ffbabf0




ELF file SHA256: b05a9f89b

Rebooting...
ets Jul 29 2019 12:21:46

rst:0xc (SW_CPU_RESET),boot:0x13 (SPI_FAST_FLASH_BOOT)
configsip: 0, SPIWP:0xee
clk_drv:0x00,q_drv:0x00,d_drv:0x00,cs0_drv:0x00,hd_drv:0x00,wp_drv:0x00
mode:DIO, clock div:2
load:0x3fff0030,len:6276
load:0x40078000,len:15716
load:0x40080400,len:4
ho 8 tail 4 room 4
load:0x40080404,len:3860
entry 0x4008063c
[0;32mI (31) boot: ESP-IDF v5.4 2nd stage bootloader[0m
[0;32mI (31) boot: compile time Apr 27 2025 04:17:03[0m
[0;32mI (31) boot: Multicore bootloader[0m
[0;32mI (32) boot: chip revision: v3.1[0m
[0;32mI (35) boot.esp32: SPI Speed      : 40MHz[0m
[0;32mI (39) boot.esp32: SPI Mode       : DIO[0m
[0;32mI (42) boot.esp32: SPI Flash Size : 2MB[0m
[0;32mI (46) boot: Enabling RNG early entropy source...[0m
[0;32mI (50) boot: Partition Table:[0m
[0;32mI (53) boot: ## Label            Usage          Type ST Offset   Length[0m
[0;32mI (59) boot:  0 nvs              WiFi data        01 02 00009000 00006000[0m
[0;32mI (66) boot:  1 phy_init         RF data          01 01 0000f000 00001000[0m
[0;32mI (72) boot:  2 factory          factory app      00 00 00010000 00100000[0m
[0;32mI (79) boot: End of partition table[0m
[0;32mI (82) esp_image: segment 0: paddr=00010020 vaddr=3f400020 size=211a0h (135584) map[0m
[0;32mI (136) esp_image: segment 1: paddr=000311c8 vaddr=3ff80000 size=0001ch (    28) load[0m
[0;32mI (136) esp_image: segment 2: paddr=000311ec vaddr=3ffb0000 size=03fd8h ( 16344) load[0m
[0;32mI (146) esp_image: segment 3: paddr=000351cc vaddr=40080000 size=0ae4ch ( 44620) load[0m
[0;32mI (165) esp_image: segment 4: paddr=00040020 vaddr=400d0020 size=ac6d0h (706256) map[0m
[0;32mI (406) esp_image: segment 5: paddr=000ec6f8 vaddr=4008ae4c size=0ca6ch ( 51820) load[0m
[0;32mI (438) boot: Loaded app from partition at offset 0x10000[0m
[0;32mI (438) boot: Disabling RNG early entropy source...[0m
[0;32mI (448) cpu_start: Multicore app[0m
[0;32mI (457) cpu_start: Pro cpu start user code[0m
[0;32mI (457) cpu_start: cpu freq: 160000000 Hz[0m
[0;32mI (457) app_init: Application information:[0m
[0;32mI (457) app_init: Project name:     microesp[0m
[0;32mI (461) app_init: App version:      74ec3d3-dirty[0m
[0;32mI (465) app_init: Compile time:     Apr 27 2025 04:29:59[0m
[0;32mI (470) app_init: ELF file SHA256:  b05a9f89b...[0m
[0;32mI (475) app_init: ESP-IDF:          v5.4[0m
[0;32mI (478) efuse_init: Min chip rev:     v0.0[0m
[0;32mI (482) efuse_init: Max chip rev:     v3.99 [0m
[0;32mI (486) efuse_init: Chip rev:         v3.1[0m
[0;32mI (490) heap_init: Initializing. RAM available for dynamic allocation:[0m
[0;32mI (496) heap_init: At 3FFAE6E0 len 00001920 (6 KiB): DRAM[0m
[0;32mI (501) heap_init: At 3FFB88C0 len 00027740 (157 KiB): DRAM[0m
[0;32mI (507) heap_init: At 3FFE0440 len 00003AE0 (14 KiB): D/IRAM[0m
I (512) heap_init: At 3FFE4350 len 0001BCB0 (111 KiB): D/IRAM
[0;32mI (518) heap_init: At 400978B8 len 00008748 (33 KiB): IRAM[0m
[0;32mI (524) spi_flash: detected chip: generic[0m
[0;32mI (526) spi_flash: flash io: dio[0m
[0;33mW (529) spi_flash: Detected size(4096k) larger than the size in the binary image header(2048k). Using the size in the binary image header.[0m
[0;32mI (543) main_task: Started on CPU0[0m
[0;32mI (553) main_task: Calling app_main()[0m
[1;31mE (583) adc_oneshot: adc_oneshot_new_unit(98): adc1 is already in use[0m
ESP_ERROR_CHECK failed: esp_err_t 0x105 (ESP_ERR_NOT_FOUND) at 0x400d964b
file: "./main/hardware_hal.c" line 20
func: hardware_hal_init
expression: adc_oneshot_new_unit(&init_config, &adc1_handle)

abort() was called at PC 0x40089737 on core 0


Backtrace: 0x40081b25:0x3ffbaa60 0x40089741:0x3ffbaa80 0x400914b1:0x3ffbaaa0 0x40089737:0x3ffbab10 0x400d964b:0x3ffbab40 0x400d95c9:0x3ffbab80 0x400d9136:0x3ffbaba0 0x4017a86f:0x3ffbabc0 Backtrace: 0x40081b25:0x3ffbaa60 0x40089741:0x3ffbaa80 0x400914b1:0x3ffbaaa0 0x40089737:0x3ffbab10 0x400d964b:0x3ffbab40 0x400d95c9:0x3ffbab80 0x400d9136:0x3ffbaba0 0x4017a86f:0x3ffbabc0 0
x4008a1e5:0x3ffbabf0




ELF file SHA256: b05a9f89b

Rebooting...
ets Jul 29 2019 12:21:46

rst:0xc (SW_CPU_RESET),boot:0x13 (SPI_FAST_FLASH_BOOT)
configsip: 0, SPIWP:0xee
clk_drv:0x00,q_drv:0x00,d_drv:0x00,cs0_drv:0x00,hd_drv:0x00,wp_drv:0x00
mode:DIO, clock div:2
load:0x3fff0030,len:6276
load:0x40078000,len:15716
load:0x40080400,len:4
ho 8 tail 4 room 4
load:0x40080404,len:3860
entry 0x4008063c
[0;32mI (31) boot: ESP-IDF v5.4 2nd stage bootloader[0m
[0;32mI (31) boot: compile time Apr 27 2025 04:17:03[0m
[0;32mI (31) boot: Multicore bootloader[0m
[0;32mI (32) boot: chip revision: v3.1[0m
[0;32mI (35) boot.esp32: SPI Speed      : 40MHz[0m
[0;32mI (39) boot.esp32: SPI Mode       : DIO[0m
[0;32mI (42) boot.esp32: SPI Flash Size : 2MB[0m
[0;32mI (46) boot: Enabling RNG early entropy source...[0m
[0;32mI (50) boot: Partition Table:[0m
[0;32mI (53) boot: ## Label            Usage          Type ST Offset   Length[0m
[0;32mI (59) boot:  0 nvs              WiFi data        01 02 00009000 00006000[0m
[0;32mI (66) boot:  1 phy_init         RF data          01 01 0000f000 00001000[0m
[0;32mI (72) boot:  2 factory          factory app      00 00 00010000 00100000[0m
[0;32mI (79) boot: End of partition table[0m
[0;32mI (82) esp_image: segment 0: paddr=00010020 vaddr=3f400020 size=211a0h (135584) map[0m
[0;32mI (136) esp_image: segment 1: paddr=000311c8 vaddr=3ff80000 size=0001ch (    28) load[0m
[0;32mI (136) esp_image: segment 2: paddr=000311ec vaddr=3ffb0000 size=03fd8h ( 16344) load[0m
[0;32mI (146) esp_image: segment 3: paddr=000351cc vaddr=40080000 size=0ae4ch ( 44620) load[0m
[0;32mI (165) esp_image: segment 4: paddr=00040020 vaddr=400d0020 size=ac6d0h (706256) map[0m
[0;32mI (406) esp_image: segment 5: paddr=000ec6f8 vaddr=4008ae4c size=0ca6ch ( 51820) load[0m
[0;32mI (438) boot: Loaded app from partition at offset 0x10000[0m
[0;32mI (438) boot: Disabling RNG early entropy source...[0m
[0;32mI (448) cpu_start: Multicore app[0m
[0;32mI (457) cpu_start: Pro cpu start user code[0m
[0;32mI (457) cpu_start: cpu freq: 160000000 Hz[0m
[0;32mI (457) app_init: Application information:[0m
[0;32mI (457) app_init: Project name:     microesp[0m
[0;32mI (461) app_init: App version:      74ec3d3-dirty[0m
[0;32mI (465) app_init: Compile time:     Apr 27 2025 04:29:59[0m
[0;32mI (470) app_init: ELF file SHA256:  b05a9f89b...[0m
[0;32mI (475) app_init: ESP-IDF:          v5.4[0m
[0;32mI (478) efuse_init: Min chip rev:     v0.0[0m
[0;32mI (482) efuse_init: Max chip rev:     v3.99 [0m
[0;32mI (486) efuse_init: Chip rev:         v3.1[0m
[0;32mI (490) heap_init: Initializing. RAM available for dynamic allocation:[0m
[0;32mI (496) heap_init: At 3FFAE6E0 len 00001920 (6 KiB): DRAM[0m
[0;32mI (501) heap_init: At 3FFB88C0 len 00027740 (157 KiB): DRAM[0m
[0;32mI (507) heap_init: At 3FFE0440 len 00003AE0 (14 KiB): D/IRAM[0m
[0;32mI (512) heap_init: At 3FFE4350 len 0001BCB0 (111 KiB): D/IRAM[0m
[0;32mI (518) heap_init: At 400978B8 len 00008748 (33 KiB): IRAM[0m
[0;32mI (524) spi_flash: detected chip: generic[0m
[0;32mI (526) spi_flash: flash io: dio[0m
[0;33mW (529) spi_flash: Detected size(4096k) larger than the size in the binary image header(2048k). Using the size in the binary image header.[0m
[0;32mI (543) main_task: Started on CPU0[0m
[0;32mI (553) main_task: Calling app_main()[0m
[1;31mE (583) adc_oneshot: adc_oneshot_new_unit(98): adc1 is already in use[0m
ESP_ERROR_CHECK failed: esp_err_t 0x105 (ESP_ERR_NOT_FOUND) at 0x400d964b
file: "./main/hardware_hal.c" line 20
func: hardware_hal_init
expression: adc_oneshot_new_unit(&init_config, &adc1_handle)

abort() was called at PC 0x40089737 on core 0


Backtrace: 0x40081b25:0x3ffbaa60 0x40089741:0x3ffbaa80 0x400914b1:0x3ffbaaa0 0x40089737:0x3ffbab10 0x400d964b:0x3ffbab40 0x400d95c9:0x3ffbab80 0x400d9136:0x3ffbaba0 0x4017a86f:0x3ffbabc0 0x4008a1e5:0x3ffbabf0




ELF file SHA256: b05a9f89b

Rebooting...
ets Jul 29 2019 12:21:46

rst:0xc (SW_CPU_RESET),boot:0x13 (SPI_FAST_FLASH_BOOT)
configsip: 0, SPIWP:0xee
clk_drv:0x00,q_drv:0x00,d_drv:0x00,cs0_drv:0x00,hd_drv:0x00,wp_drv:0x00
mode:DIO, clock div:2
load:0x3fff0030,len:6276
load:0x40078000,len:15716
load:0x40080400,len:4
ho 8 tail 4 room 4
load:0x40080404,len:3860
entry 0x4008063c
[0;32mI (31) boot: ESP-IDF v5.4 2nd stage bootloader[0m
[0;32mI (31) boot: compile time Apr 27 2025 04:17:03[0m
[0;32mI (31) boot: Multicore bootloader[0m
[0;32mI (32) boot: chip revision: v3.1[0m
[0;32mI (35) boot.esp32: SPI Speed      : 40MHz[0m
[0;32mI (39) boot.esp32: SPI Mode       : DIO[0m
[0;32mI (42) boot.esp32: SPI Flash Size : 2MB[0m
[0;32mI (46) boot: Enabling RNG early entropy source...[0m
[0;32mI (50) boot: Partition Table:[0m
[0;32mI (53) boot: ## Label            Usage          Type ST Offset   Length[0m
[0;32mI (59) boot:  0 nvs              WiFi data        01 02 00009000 00006000[0m
[0;32mI (66) boot:  1 phy_init         RF data          01 01 0000f000 00001000[0m
[0;32mI (72) boot:  2 factory          factory app      00 00 00010000 00100000[0m
[0;32mI (79) boot: End of partition table[0m
[0;32mI (82) esp_image: segment 0: paddr=00010020 vaddr=3f400020 size=211a0h (135584) map[0m
[0;32mI (136) esp_image: segment 1: paddr=000311c8 vaddr=3ff80000 size=0001ch (    28) load[0m
[0;32mI (136) esp_image: segment 2: paddr=000311ec vaddr=3ffb0000 size=03fd8h ( 16344) load[0m
[0;32mI (146) esp_image: segment 3: paddr=000351cc vaddr=40080000 size=0ae4ch ( 44620) load[0m
[0;32mI (165) esp_image: segment 4: paddr=00040020 vaddr=400d0020 size=ac6d0h (706256) map[0m
[0;32mI (406) esp_image: segment 5: paddr=000ec6f8 vaddr=4008ae4c size=0ca6ch ( 51820) load[0m
[0;32mI (438) boot: Loaded app from partition at offset 0x10000[0m
[0;32mI (438) boot: Disabling RNG early entropy source...[0m
[0;32mI (448) cpu_start: Multicore app[0m
[0;32mI (457) cpu_start: Pro cpu start user code[0m
[0;32mI (457) cpu_start: cpu freq: 160000000 Hz[0m
[0;32mI (457) app_init: Application information:[0m
[0;32mI (457) app_init: Project name:     microesp[0m
[0;32mI (461) app_init: App version:      74ec3d3-dirty[0m
[0;32mI (465) app_init: Compile time:     Apr 27 2025 04:29:59[0m
[0;32mI (470) app_init: ELF file SHA256:  b05a9f89b...[0m
[0;32mI (475) app_init: ESP-IDF:          v5.4[0m
[0;32mI (478) efuse_init: Min chip rev:     v0.0[0m
[0;32mI (482) efuse_init: Max chip rev:     v3.99 [0m
[0;32mI (486) efuse_init: Chip rev:         v3.1[0m
[0;32mI (490) heap_init: Initializing. RAM available for dynamic allocation:[0m
[0;32mI (496) heap_init: At 3FFAE6E0 len 00001920 (6 KiB): DRAM[0m
[0;32mI (501) heap_init: At 3FFB88C0 len 00027740 (157 KiB): DRAM[0m
[0;32mI (507) heap_init: At 3FFE0440 len 00003AE0 (14 KiB): D/IRAM[0m
[0;32mI (512) heap_init: At 3FFE4350 len 0001BCB0 (111 KiB): D/IRAM[0m
[0;32mI (518) heap_init: At 400978B8 len 00008748 (33 KiB): IRAM[0m
[0;32mI (524) spi_flash: detected chip: generic[0m
[0;32mI (526) spi_flash: flash io: dio[0m
[0;33mW (529) spi_flash: Detected size(4096k) larger than the size in the binary image header(2048k). Using the size in the binary image header.[0m
[0;32mI (543) main_task: Started on CPU0[0m
[0;32mI (553) main_task: Calling app_main()[0m
[1;31mE (583) adc_oneshot: adc_oneshot_new_unit(98): adc1 is already in use[0m
ESP_ERROR_CHECK failed: esp_err_t 0x105 (ESP_ERR_NOT_FOUND) at 0x400d964b
file: "./main/hardware_hal.c" line 20
func: hardware_hal_init
expression: adc_oneshot_new_unit(&init_config, &adc1_handle)

abort() was called at PC 0x40089737 on core 0


Backtrace: 0x40081b25:0x3ffbaa60 0x40089741:0x3ffbaa80 0x400914b1:0x3ffbaaa0 0x40089737:0x3ffbab10 0x400d964b:0x3ffbab40 0x400d95c9:0x3ffbab80 0x400d9136:0x3ffbaba0 0x4017a86f:0x3ffbabc0 0x4008a1e5:0x3ffbabf0




ELF file SHA256: b05a9f89b

Rebooting...
ets Jul 29 2019 12:21:46

rst:0xc (SW_CPU_RESET),boot:0x13 (SPI_FAST_FLASH_BOOT)
configsip: 0, SPIWP:0xee
clk_drv:0x00,q_drv:0x00,d_drv:0x00,cs0_drv:0x00,hd_drv:0x00,wp_drv:0x00
mode:DIO, clock div:2
load:0x3fff0030,len:6276
load:0x40078000,len:15716
load:0x40080400,len:4
ho 8 tail 4 room 4
load:0x40080404,len:3860
entry 0x4008063c
[0;32mI (31) boot: ESP-IDF v5.4 2nd stage bootloader[0m
[0;32mI (31) boot: compile time Apr 27 2025 04:17:03[0m
[0;32mI (31) boot: Multicore bootloader[0m
[0;32mI (32) boot: chip revision: v3.1[0m
[0;32mI (35) boot.esp32: SPI Speed      : 40MHz[0m
[0;32mI (39) boot.esp32: SPI Mode       : DIO[0m
[0;32mI (42) boot.esp32: SPI Flash Size : 2MB[0m
[0;32mI (46) boot: Enabling RNG early entropy source...[0m
[0;32mI (50) boot: Partition Table:[0m
[0;32mI (53) boot: ## Label            Usage          Type ST Offset   Length[0m
[0;32mI (59) boot:  0 nvs              WiFi data        01 02 00009000 00006000[0m
[0;32mI (66) boot:  1 phy_init         RF data          01 01 0000f000 00001000[0m
[0;32mI (72) boot:  2 factory          factory app      00 00 00010000 00100000[0m
[0;32mI (79) boot: End of partition table[0m
[0;32mI (82) esp_image: segment 0: paddr=00010020 vaddr=3f400020 size=211a0h (135584) map[0m
[0;32mI (136) esp_image: segment 1: paddr=000311c8 vaddr=3ff80000 size=0001ch (    28) load[0m
[0;32mI (136) esp_image: segment 2: paddr=000311ec vaddr=3ffb0000 size=03fd8h ( 16344) load[0m
[0;32mI (146) esp_image: segment 3: paddr=000351cc vaddr=40080000 size=0ae4ch ( 44620) load[0m
[0;32mI (165) esp_image: segment 4: paddr=00040020 vaddr=400d0020 size=ac6d0h (706256) map[0m
[0;32mI (406) esp_image: segment 5: paddr=000ec6f8 vaddr=4008ae4c size=0ca6ch ( 51820) load[0m
[0;32mI (438) boot: Loaded app from partition at offset 0x10000[0m
[0;32mI (438) boot: Disabling RNG early entropy source...[0m
[0;32mI (448) cpu_start: Multicore app[0m
[0;32mI (457) cpu_start: Pro cpu start user code[0m
[0;32mI (457) cpu_start: cpu freq: 160000000 Hz[0m
[0;32mI (457) app_init: Application information:[0m
[0;32mI (457) app_init: Project name:     microesp[0m
[0;32mI (461) app_init: App version:      74ec3d3-dirty[0m
[0;32mI (465) app_init: Compile time:     Apr 27 2025 04:29:59[0m
[0;32mI (470) app_init: ELF file SHA256:  b05a9f89b...[0m
[0;32mI (475) app_init: ESP-IDF:          v5.4[0m
[0;32mI (478) efuse_init: Min chip rev:     v0.0[0m
[0;32mI (482) efuse_init: Max chip rev:     v3.99 [0m
[0;32mI (486) efuse_init: Chip rev:         v3.1[0m
[0;32mI (490) heap_init: Initializing. RAM available for dynamic allocation:[0m
[0;32mI (496) heap_init: At 3FFAE6E0 len 00001920 (6 KiB): DRAM[0m
[0;32mI (501) heap_init: At 3FFB88C0 len 00027740 (157 KiB): DRAM[0m
[0;32mI (507) heap_init: At 3FFE0440 len 00003AE0 (14 KiB): D/IRAM[0m
[0;32mI (512) heap_init: At 3FFE4350 len 0001BCB0 (111 KiB): D/IRAM[0m
[0;32mI (518) heap_init: At 400978B8 len 00008748 (33 KiB): IRAM[0m
[0;32mI (524) spi_flash: detected chip: generic[0m
[0;32mI (526) spi_flash: flash io: dio[0m
[0;33mW (529) spi_flash: Detected size(4096k) larger than the size in the binary image header(2048k). Using the size in the binary image header.[0m
[0;32mI (543) main_task: Started on CPU0[0m
[0;32mI (553) main_task: Calling app_main()[0m
[1;31mE (583) adc_oneshot: adc_oneshot_new_unit(98): adc1 is already in use[0m
ESP_ERROR_CHECK failed: esp_err_t 0x105 (ESP_ERR_NOT_FOUND) at 0x400d964b
file: "./main/hardware_hal.c" line 20
func: hardware_hal_init
expression: adc_oneshot_new_unit(&init_config, &adc1_handle)

abort() was called at PC 0x40089737 on core 0


Backtrace: 0x40081b25:0x3ffbaa60 0x40089741:0x3ffbaa80 0x400914b1:0x3ffbaaa0 0x40089737:0x3ffbab10 0x400d964b:0x3ffbab40 0x400d95c9:0x3ffbab80 0x400d9136:0x3ffbaba0 0x4017a86f:0x3ffbabc0 0x4008a1e5:0x3ffbabf0




ELF file SHA256: b05a9f89b

Rebooting...
ets Jul 29 2019 12:21:46

rst:0xc (SW_CPU_RESET),boot:0x13 (SPI_FAST_FLASH_BOOT)
configsip: 0, SPIWP:0xee
clk_drv:0x00,q_drv:0x00,d_drv:0x00,cs0_drv:0x00,hd_drv:0x00,wp_drv:0x00
mode:DIO, clock div:2
load:0x3fff0030,len:6276
load:0x40078000,len:15716
load:0x40080400,len:4
ho 8 tail 4 room 4
load:0x40080404,len:3860
entry 0x4008063c
[0;32mI (31) boot: ESP-IDF v5.4 2nd stage bootloader[0m
[0;32mI (31) boot: compile time Apr 27 2025 04:17:03[0m
[0;32mI (31) boot: Multicore bootloader[0m
[0;32mI (32) boot: chip revision: v3.1[0m
[0;32mI (35) boot.esp32: SPI Speed      : 40MHz[0m
[0;32mI (39) boot.esp32: SPI Mode       : DIO[0m
[0;32mI (42) boot.esp32: SPI Flash Size : 2MB[0m
[0;32mI (46) boot: Enabling RNG early entropy source...[0m
[0;32mI (50) boot: Partition Table:[0m
[0;32mI (53) boot: ## Label            Usage          Type ST Offset   Length[0m
[0;32mI (59) boot:  0 nvs              WiFi data        01 02 00009000 00006000[0m
[0;32mI (66) boot:  1 phy_init         RF data          01 01 0000f000 00001000[0m
[0;32mI (72) boot:  2 factory          factory app      00 00 00010000 00100000[0m
[0;32mI (79) boot: End of partition table[0m
[0;32mI (82) esp_image: segment 0: paddr=00010020 vaddr=3f400020 size=211a0h (135584) map[0m
[0;32mI (136) esp_image: segment 1: paddr=000311c8 vaddr=3ff80000 size=0001ch (    28) load[0m
[0;32mI (136) esp_image: segment 2: paddr=000311ec vaddr=3ffb0000 size=03fd8h ( 16344) load[0m
[0;32mI (146) esp_image: segment 3: paddr=000351cc vaddr=40080000 size=0ae4ch ( 44620) load[0m
[0;32mI (165) esp_image: segment 4: paddr=00040020 vaddr=400d0020 size=ac6d0h (706256) map[0m
[0;32mI (406) esp_image: segment 5: paddr=000ec6f8 vaddr=4008ae4c size=0ca6ch ( 51820) load[0m
[0;32mI (438) boot: Loaded app from partition at offset 0x10000[0m
[0;32mI (438) boot: Disabling RNG early entropy source...[0m
[0;32mI (448) cpu_start: Multicore app[0m
[0;32mI (457) cpu_start: Pro cpu start user code[0m
[0;32mI (457) cpu_start: cpu freq: 160000000 Hz[0m
[0;32mI (457) app_init: Application information:[0m
[0;32mI (457) app_init: Project name:     microesp[0m
[0;32mI (461) app_init: App version:      74ec3d3-dirty[0m
[0;32mI (465) app_init: Compile time:     Apr 27 2025 04:29:59[0m
[0;32mI (470) app_init: ELF file SHA256:  b05a9f89b...[0m
[0;32mI (475) app_init: ESP-IDF:          v5.4[0m
[0;32mI (478) efuse_init: Min chip rev:     v0.0[0m
[0;32mI (482) efuse_init: Max chip rev:     v3.99 [0m
[0;32mI (486) efuse_init: Chip rev:         v3.1[0m
[0;32mI (490) heap_init: Initializing. RAM available for dynamic allocation:[0m
[0;32mI (496) heap_init: At 3FFAE6E0 len 00001920 (6 KiB): DRAM[0m
[0;32mI (501) heap_init: At 3FFB88C0 len 00027740 (157 KiB): DRAM[0m
[0;32mI (507) heap_init: At 3FFE0440 len 00003AE0 (14 KiB): D/IRAM[0m
[0;32mI (512) heap_init: At 3FFE4350 len 0001BCB0 (111 KiB): D/IRAM[0m
[0;32mI (518) heap_init: At 400978B8 len 00008748 (33 KiB): IRAM[0m
[0;32mI (524) spi_flash: detected chip: generic[0m
[0;32mI (526) spi_flash: flash io: dio[0m
[0;33mW (529) spi_flash: Detected size(4096k) larger than the size in the binary image header(2048k). Using the size in the binary image header.[0m
[0;32mI (543) main_task: Started on CPU0[0m
[0;32mI (553) main_task: Calling app_main()[0m
[1;31mE (583) adc_oneshot: adc_oneshot_new_unit(98): adc1 is already in use[0m
ESP_ERROR_CHECK failed: esp_err_t 0x105 (ESP_ERR_NOT_FOUND) at 0x400d964b
file: "./main/hardware_hal.c" line 20
func: hardware_hal_init
expression: adc_oneshot_new_unit(&init_config, &adc1_handle)

abort() was called at PC 0x40089737 on core 0


Backtrace: 0x40081b25:0x3ffbaa60 0x40089741:0x3ffbaa80 0x400914b1:0x3ffbaaa0 0x40089737:0x3ffbab10 0x400d964b:0x3ffbab40 0x400d95c9:0x3ffbab80 0x400d9136:0x3ffbaba0 0x4017a86f:0x3ffbabc0 0x4008a1e5:0x3ffbabf0




ELF file SHA256: b05a9f89b

Rebooting...
ets Jul 29 2019 12:21:46

rst:0xc (SW_CPU_RESET),boot:0x13 (SPI_FAST_FLASH_BOOT)
configsip: 0, SPIWP:0xee
clk_drv:0x00,q_drv:0x00,d_drv:0x00,cs0_drv:0x00,hd_drv:0x00,wp_drv:0x00
mode:DIO, clock div:2
load:0x3fff0030,len:6276
load:0x40078000,len:15716
load:0x40080400,len:4
ho 8 tail 4 room 4
load:0x40080404,len:3860
entry 0x4008063c
[0;32mI (31) boot: ESP-IDF v5.4 2nd stage bootloader[0m
[0;32mI (31) boot: compile time Apr 27 2025 04:17:03[0m
[0;32mI (31) boot: Multicore bootloader[0m
[0;32mI (32) boot: chip revision: v3.1[0m
[0;32mI (35) boot.esp32: SPI Speed      : 40MHz[0m
[0;32mI (39) boot.esp32: SPI Mode       : DIO[0m
[0;32mI (42) boot.esp32: SPI Flash Size : 2MB[0m
[0;32mI (46) boot: Enabling RNG early entropy source...[0m
[0;32mI (50) boot: Partition Table:[0m
[0;32mI (53) boot: ## Label            Usage          Type ST Offset   Length[0m
[0;32mI (59) boot:  0 nvs              WiFi data        01 02 00009000 00006000[0m
[0;32mI (66) boot:  1 phy_init         RF data          01 01 0000f000 00001000[0m
[0;32mI (72) boot:  2 factory          factory app      00 00 00010000 00100000[0m
[0;32mI (79) boot: End of partition table[0m
[0;32mI (82) esp_image: segment 0: paddr=00010020 vaddr=3f400020 size=211a0h (135584) map[0m
[0;32mI (136) esp_image: segment 1: paddr=000311c8 vaddr=3ff80000 size=0001ch (    28) load[0m
[0;32mI (136) esp_image: segment 2: paddr=000311ec vaddr=3ffb0000 size=03fd8h ( 16344) load[0m
[0;32mI (146) esp_image: segment 3: paddr=000351cc vaddr=40080000 size=0ae4ch ( 44620) load[0m
[0;32mI (165) esp_image: segment 4: paddr=00040020 vaddr=400d0020 size=ac6d0h (706256) map[0m
